Load map
========

Module:  simplify.obj
 Text segment:  616 bytes, load point 0x00400000
 Data segment:  248 bytes, load point 0x10000000
 Symbols:
            Name Section Mode    Value
        into_msg   Data   R   0x10000000
           done2   Text   R   0x00400210
      and_string   Data   R   0x100000e9
            done   Text   R   0x00400160
      den_string   Data   R   0x100000a2
        READ_INT          A   0x00000005
           setup   Text   R   0x00400128
         newline   Data   R   0x10000051
        find_gcd   Text   R   0x004001a8
     ask_for_den   Text   R   0x00400050
      num_string   Data   R   0x1000007b
   simplify_done   Text   R   0x0040017c
             set   Text   R   0x00400208
    PRINT_STRING          A   0x00000004
    print_string   Text   R   0x0040025c
           myFun   Text   R   0x00400148
            main   Text   RG  0x00400000
     ask_for_num   Text   R   0x00400020
          myLoop   Text   R   0x004001dc
             ras   Text   R   0x004001d0
      div_string   Data   R   0x100000ef
     input_error   Data   R   0x10000053
        simplify   Text   R   0x00400100
        den_good   Text   R   0x00400080
    print_number   Text   R   0x00400240
   find_gcd_done   Text   R   0x00400214
         skipAbs   Text   R   0x004001f8
            skip   Text   R   0x0040017c
       PRINT_INT          A   0x00000001
      res_string   Data   R   0x100000cb

Module:  r2k_startup.obj
 Text segment:  36 bytes, load point 0x00400268
 Symbols:
            Name Section Mode    Value
       SYS_EXIT2          A   0x00000011
  __r2k__entry__   Text   RG  0x0040026c
